// Jest Snapshot v1, https://goo.gl/fbAQLP

exports[`NameControls component NameControls 1`] = `
<DocumentFragment>
  <label
    for="greeting
  >
    Greeting
  </label>
  <input
    id="greeting"
    name="greeting"
    value=""
  />
  <label
    for="name"
  >
    Name
  </label>
  <input
    id="name"
    name="name"
    placeholder="Name"
    type="name"
    value=""
  />
</DocumentFragment>
`;
