// Jest Snapshot v1, https://goo.gl/fbAQLP

exports[`test functionality for NameControls Component renders the name input to display 1`] = `
<DocumentFragment>
  <label
    for="greeting"
  >
     Greeting 
  </label>
  <input
    id="greeting"
    name="greeting"
    placeholder="Greeting Message"
    type="greeting"
    value=""
  />
  <label
    for="name"
  >
     Name 
  </label>
  <input
    id="name"
    name="name"
    placeholder="Name"
    type="name"
    value=""
  />
</DocumentFragment>
`;
